---
source: src/report/json.rs
expression: document_for_tests()
---
{
  "artifacts": [
    {
      "artifact": "target/",
      "bytes": 4200000000,
      "ecosystem": "rust",
      "include_pattern": null,
      "marker_dir": "/projects/api",
      "outcome": {
        "status": "removed"
      },
      "path": "/projects/api/target",
      "reclaimed_bytes": 4200000000,
      "source": "marker",
      "unreadable_directories": 0
    },
    {
      "artifact": "target/",
      "bytes": 0,
      "ecosystem": "rust",
      "include_pattern": null,
      "marker_dir": "/projects/link",
      "outcome": {
        "detail": "is a symlink",
        "reason": "symlink",
        "status": "refused"
      },
      "path": "/projects/link/target",
      "reclaimed_bytes": 0,
      "source": "marker",
      "unreadable_directories": 0
    },
    {
      "artifact": "obj/",
      "bytes": 900,
      "ecosystem": "dotnet",
      "include_pattern": null,
      "marker_dir": "/projects/locked",
      "outcome": {
        "detail": "permission denied unlinking something inside it",
        "os_error": null,
        "os_message": "permission denied",
        "reason": "permission_denied",
        "status": "failed"
      },
      "path": "/projects/locked/obj",
      "reclaimed_bytes": 0,
      "source": "marker",
      "unreadable_directories": 0
    }
  ],
  "dry_run": false,
  "elapsed_ms": 1234,
  "git": null,
  "roots": [
    "/projects"
  ],
  "schema_version": 2,
  "skipped": [
    {
      "detail": "no rust marker (Cargo.toml) proves it",
      "path": "/projects/data/target",
      "reason": "no_marker"
    }
  ],
  "timings_us": {
    "delete": 98000,
    "git": 0,
    "policy": 12000,
    "scan": 900000,
    "size": 210000,
    "total": 1234000
  },
  "totals": {
    "bytes": 4200000000,
    "dependencies": 0,
    "failed": 1,
    "partial": 0,
    "partial_bytes": 0,
    "reclaimed": 1,
    "refused": 1,
    "skipped": 1,
    "unmeasured": 0
  },
  "walk_errors": []
}
