---
source: src/report/human.rs
expression: "render_to_string(&mixed(), HumanOptions::default())"
---
/projects
  removed   4.20 GB  rust  api/target
  refused       0 B  rust  link/target    — is a symlink
  failed      900 B  rust  locked/target  — Permission denied
  removed  18.50 MB  node  web/dist

2 artifacts, 4.22 GB reclaimed in 1.23s
  rust 4.20 GB (1), node 18.50 MB (1)
  1 artifact refused by a safety rail
  1 artifact could not be removed
